// Jest Snapshot v1, https://goo.gl/fbAQLP

exports[`<Routes/> should matches the snapshot 1`] = `
<div>
  <h1>
    landing page
  </h1>
</div>
`;
